src/components/layout/SmoothScroll.tsx(7,13): error TS2322: Type 'React.ReactNode' is not assignable to type 'import("C:/Users/ansha/OneDrive/Desktop/Projects/SpaceX/aetheris-orbital/node_modules/@studio-freight/react-lenis/node_modules/@types/react/index").ReactNode'.
  Type 'bigint' is not assignable to type 'ReactNode'.
src/components/ui/StarField.tsx(17,20): error TS2322: Type 'RefObject<Group<Object3DEventMap> | null>' is not assignable to type 'Ref<Points<BufferGeometry<NormalBufferAttributes, BufferGeometryEventMap>, Material | Material[], Object3DEventMap>> | undefined'.
  Type 'RefObject<Group<Object3DEventMap> | null>' is not assignable to type 'RefObject<Points<BufferGeometry<NormalBufferAttributes, BufferGeometryEventMap>, Material | Material[], Object3DEventMap> | null>'.
    Type 'Group<Object3DEventMap> | null' is not assignable to type 'Points<BufferGeometry<NormalBufferAttributes, BufferGeometryEventMap>, Material | Material[], Object3DEventMap> | null'.
      Type 'Group<Object3DEventMap>' is missing the following properties from type 'Points<BufferGeometry<NormalBufferAttributes, BufferGeometryEventMap>, Material | Material[], Object3DEventMap>': isPoints, geometry, material, updateMorphTargets
